// Jest Snapshot v1, https://goo.gl/fbAQLP

exports[`Tooltip correctly renders item in grid 1`] = `"<div class=\\"Grid SoldProperties__Grid\\"><div class=\\"Grid__item\\" style=\\"grid-area:11 / 22\\"><div data-content=\\"£100,000\\" class=\\"Tooltip fontSizeXS\\"><svg class=\\"Icons__item fillGroupFive\\"><use xlink:href=\\"#icon-house\\"></use></svg></div></div><div class=\\"Grid__item\\" style=\\"grid-area:1 / 2\\"><div data-content=\\"£99,999\\" class=\\"Tooltip fontSizeXS\\"><svg class=\\"Icons__item fillGroupFive\\"><use xlink:href=\\"#icon-house\\"></use></svg></div></div></div>"`;

exports[`Tooltip correctly renders total items 1`] = `"<div role=\\"contentinfo\\"><strong>Total Properties</strong>: 1</div>"`;

exports[`Tooltip renders menu guide 1`] = `"<ul class=\\"List List--horizontal SoldProperties__List__Menu\\"><li><div class=\\"SoldProperties__List__Menu__Item\\"><svg class=\\"Icons__item fillGroupOne Icons__item--lg\\"><use xlink:href=\\"#icon-house\\"></use></svg><span>0 - 5%</span></div></li><li><div class=\\"SoldProperties__List__Menu__Item\\"><svg class=\\"Icons__item fillGroupTwo Icons__item--lg\\"><use xlink:href=\\"#icon-house\\"></use></svg><span>5% - 25%</span></div></li><li><div class=\\"SoldProperties__List__Menu__Item\\"><svg class=\\"Icons__item fillGroupThree Icons__item--lg\\"><use xlink:href=\\"#icon-house\\"></use></svg><span>25% - 75%</span></div></li><li><div class=\\"SoldProperties__List__Menu__Item\\"><svg class=\\"Icons__item fillGroupFour Icons__item--lg\\"><use xlink:href=\\"#icon-house\\"></use></svg><span>75% - 95%</span></div></li><li><div class=\\"SoldProperties__List__Menu__Item\\"><svg class=\\"Icons__item fillGroupFive Icons__item--lg\\"><use xlink:href=\\"#icon-house\\"></use></svg><span>95% - 100%</span></div></li></ul>"`;
